Trust: exact | current index | parsed | full
Scope: path `src/types.rs`; all sections
Evidence: file anchor `src/types.rs`

── src/types.rs (39 symbols, Rust) ──
  type       CoreToolName  L8-8
  enum       IntentBucket  L13-22
  impl       IntentBucket  L24-37
    fn         as_str  L25-36
  enum       RouteConfidence  L42-46
  enum       AdmissionDecision  L51-57
  impl       AdmissionDecision  L59-69
    fn         as_str  L60-68
  struct     StelRequest  L73-112
  struct     SymforgeCallInput  L116-125
  impl       SymforgeCallInput  L127-131
    fn         is_probe_relay  L128-130
  struct     StelEditRequest  L135-164
  enum       StelEditIntent  L169-171
  enum       StelEditOp  L184-190
  impl       StelEditOp  L192-201
    fn         legacy_tool  L194-200
  enum       StelStatusDetail  L206-209
  struct     StelStatusRequest  L213-250
  struct     IndexRef  L254-257
  struct     StelPlanStep  L261-269
  struct     StelPlan  L273-281
  struct     StelEstimate  L285-294
  struct     StelBypassBody  L298-308
  struct     StelCacheBody  L312-318
  struct     StelDecision  L322-336
  struct     StelStepExecution  L340-346
  struct     StelExecutionTotals  L350-356
  struct     StelExecution  L360-366
  struct     StelLedgerEvent  L370-390
  struct     CalibrationState  L404-410
  struct     GoldenRouteRow  L414-436
  impl       GoldenRouteRow  L438-446
    fn         to_request  L439-445
  mod        tests  L449-531
    fn         symforge_call_input_detects_probe_relay  L454-474
    fn         stel_request_roundtrip_matches_schema_shape  L477-495
    fn         stel_plan_roundtrip_from_schema_example  L498-520
    fn         golden_route_row_deserializes_fixture_shape  L523-530

Imports from (5 sources):
  schemars::JsonSchema (1 symbols)
  serde::Deserialize (1 symbols)
  serde::Serialize (1 symbols)
  serde_json::Value (1 symbols)
  serde_json::json (1 symbols)

Knowledge evidence:
  source=5190313ba7f36ed7f2a148310f805650ab5bc2276e8cccba75a60a11334ffc5e publication=<gen> content=<gen> target=file:src/types.rs
  counts total=6 shown=5 overflow=1 ambiguous=0 missing=0
  coverage bridge=complete authority=complete
  1. cases.jsonl:7 bytes=2075..2087 content_hash=<hash> source=5190313ba7f36ed7f2a148310f805650ab5bc2276e8cccba75a60a11334ffc5e generation=<gen> link_id=<id> bridge_index=1 resolution=resolved_exact lifecycle=unknown voice=unknown
  2. cases.jsonl:8 bytes=2354..2366 content_hash=<hash> source=5190313ba7f36ed7f2a148310f805650ab5bc2276e8cccba75a60a11334ffc5e generation=<gen> link_id=<id> bridge_index=2 resolution=resolved_exact lifecycle=unknown voice=unknown
  3. snapshots/file_context.types.snap:2 bytes=58..70 content_hash=<hash> source=5190313ba7f36ed7f2a148310f805650ab5bc2276e8cccba75a60a11334ffc5e generation=<gen> link_id=<id> bridge_index=10 resolution=resolved_exact lifecycle=unknown voice=unknown
  4. snapshots/file_context.types.snap:3 bytes=109..121 content_hash=<hash> source=5190313ba7f36ed7f2a148310f805650ab5bc2276e8cccba75a60a11334ffc5e generation=<gen> link_id=<id> bridge_index=11 resolution=resolved_exact lifecycle=unknown voice=unknown
  5. snapshots/file_context.types.snap:5 bytes=131..143 content_hash=<hash> source=5190313ba7f36ed7f2a148310f805650ab5bc2276e8cccba75a60a11334ffc5e generation=<gen> link_id=<id> bridge_index=12 resolution=resolved_exact lifecycle=unknown voice=unknown


[truncated] Truncated at ~1000 tokens. Original output is ~<n> tokens; budget is 1000 tokens.
