Trust: constrained (repo-wide name match) | current index | parsed | full for current scope — usage-trace recall is best-effort; dynamic dispatch, macro-generated, reflective, and cross-language usages may be missed
Scope: repo-wide symbol token `tally`
Evidence: reference anchors `src/code_target.rs:11`, `src/code_target.rs:11`, `src/code_target.rs:15`

3 references in 1 files  [1.00]

Target definition candidates: 1 exact-name indexed symbols; indexed-file parse coverage complete. Unique among indexed records: yes (compiler resolution not available).
  src/code_target.rs:L6 [fn] bytes 304..359
    pub fn tally(xs: &[i64]) -> i64 
Caller declaration line numbers are 1-based; definition ranges are inclusive.
src/code_target.rs
  AST declaration headers for returned sites: 2 distinct (showing 2; 0 omitted by metadata cap; 0 caller headers unavailable; final response token budget may truncate):
    caller: definition L10-12 bytes 361..427; [function_item] header L10 bytes 361..398; signature start L10
      pub fn double_sum(xs: &[i64]) -> i64 
      declared caller: double_sum
    caller: definition L14-16 bytes 429..505; [function_item] header L14 bytes 429..467; signature start L14
      pub fn describe(xs: &[i64]) -> String 
      declared caller: describe
  10: pub fn double_sum(xs: &[i64]) -> i64 {
  11:     tally(xs) + tally(xs)                 [AST caller function_item definition L10-12 bytes 361..427; header L10 bytes 361..398; signature start L10]
  12: }
  10: pub fn double_sum(xs: &[i64]) -> i64 {
  11:     tally(xs) + tally(xs)                 [AST caller function_item definition L10-12 bytes 361..427; header L10 bytes 361..398; signature start L10]
  12: }
  14: pub fn describe(xs: &[i64]) -> String {
  15:     format!("total={}", tally(xs))        [AST caller function_item definition L14-16 bytes 429..505; header L14 bytes 429..467; signature start L14]
  16: }